in_source: |-
  section .data:
      hello_world: "Hello World!"
      pointer_hello_world: hello_world
  section .text:
      .start:
          mov r0 #0
      .loop:
          ld r1 [pointer_hello_world]
          cmp r1 r0
          jz .end
          out r1 1
          ld r1 pointer_hello_world
          inc r1
          st r1 pointer_hello_world
          jmp .loop    
      .end:
          hlt

in_stdin: |-
  arslan

out_code: |-
  [{"opcode": "jmp", "arg": 15, "addressing": 0, "term": [0, ".text", "jmp to instructions"]},
   {"data_section": 72, "term": [1, "", "char"]},
   {"data_section": 101, "term": [2, "", "char"]},
   {"data_section": 108, "term": [3, "", "char"]},
   {"data_section": 108, "term": [4, "", "char"]},
   {"data_section": 111, "term": [5, "", "char"]},
   {"data_section": 32, "term": [6, "", "char"]},
   {"data_section": 87, "term": [7, "", "char"]},
   {"data_section": 111, "term": [8, "", "char"]},
   {"data_section": 114, "term": [9, "", "char"]},
   {"data_section": 108, "term": [10, "", "char"]},
   {"data_section": 100, "term": [11, "", "char"]},
   {"data_section": 33, "term": [12, "", "char"]},
   {"data_section": 0, "term": [13, "", "char"]},
   {"data_section": 1, "term": ["hello_world", "", "pointer var"]},
   {"opcode": "mov", "register": "0", "arg": "0", "addressing": 0, "term": [15, "", "mov command"]},
   {"opcode": "ld", "register": "1", "arg": 14, "addressing": 1, "term": [16, "pointer_hello_world", "ld command"]},
   {"opcode": "cmp", "register": "1", "arg": "0", "addressing": 2, "term": [17, "", "cmp command"]},
   {"opcode": "jz", "arg": 24, "addressing": 0, "term": [18, ".end", "jz command"]},
   {"opcode": "out", "register": "1", "arg": 1, "addressing": 4, "term": [19, "", "out command"]},
   {"opcode": "ld", "register": "1", "arg": 14, "addressing": 0, "term": [20, "pointer_hello_world", "ld command"]},
   {"opcode": "inc", "register": "1", "addressing": 2, "term": [21, "", "inc command"]},
   {"opcode": "st", "register": "1", "arg": 14, "addressing": 0, "term": [22, "pointer_hello_world", "st command"]},
   {"opcode": "jmp", "arg": 16, "addressing": 0, "term": [23, ".loop", "jmp command"]},
   {"opcode": "hlt", "addressing": 3, "term": [24, "", "hlt command"]}]

out_stdout: |
  source LoC: 17, code instr: 25
  ============================================================
  Hello World!
  Instruction count: 102, ticks: 365

out_log: |
  DEBUG   machine:handle_execute_jmp (TICK: 2   | PC 15  | BR: 63  | opcode: jmp | SP 2048 | Z_FLAG: 0 | R0: 0  | R1: 0  | R2: 36 | R3: 0  | R4: 0  | R5: 0  | R6: 0  | R7: 0  | R8: 0  | R9: 0  | R10: 0  | R11: 0  | R12: 0  |)
  DEBUG   machine:handle_execute_mov (TICK: 5   | PC 16  | BR: 63  | opcode: mov | SP 2048 | Z_FLAG: 0 | R0: 0  | R1: 0  | R2: 36 | R3: 0  | R4: 0  | R5: 0  | R6: 0  | R7: 0  | R8: 0  | R9: 0  | R10: 0  | R11: 0  | R12: 0  |)
  DEBUG   machine:handle_execute_load (TICK: 11  | PC 17  | BR: 16  | opcode: ld  | SP 2048 | Z_FLAG: 0 | R0: 0  | R1: 72 | R2: 36 | R3: 0  | R4: 0  | R5: 0  | R6: 0  | R7: 0  | R8: 0  | R9: 0  | R10: 0  | R11: 0  | R12: 0  |)
  DEBUG   machine:handle_execute_cmp (TICK: 14  | PC 18  | BR: 16  | opcode: cmp | SP 2048 | Z_FLAG: 0 | R0: 0  | R1: 72 | R2: 36 | R3: 0  | R4: 0  | R5: 0  | R6: 0  | R7: 0  | R8: 0  | R9: 0  | R10: 0  | R11: 0  | R12: 0  |)
  DEBUG   machine:handle_execute_jz (TICK: 16  | PC 19  | BR: 16  | opcode: jz  | SP 2048 | Z_FLAG: 0 | R0: 0  | R1: 72 | R2: 36 | R3: 0  | R4: 0  | R5: 0  | R6: 0  | R7: 0  | R8: 0  | R9: 0  | R10: 0  | R11: 0  | R12: 0  |)
  DEBUG   machine:handle_execute_out (TICK: 19  | PC 20  | BR: 16  | opcode: out | SP 2048 | Z_FLAG: 0 | R0: 0  | R1: 72 | R2: 36 | R3: 0  | R4: 0  | R5: 0  | R6: 0  | R7: 0  | R8: 0  | R9: 0  | R10: 0  | R11: 0  | R12: 0  |)
  DEBUG   machine:handle_execute_load (TICK: 24  | PC 21  | BR: 20  | opcode: ld  | SP 2048 | Z_FLAG: 0 | R0: 0  | R1: 1  | R2: 36 | R3: 0  | R4: 0  | R5: 0  | R6: 0  | R7: 0  | R8: 0  | R9: 0  | R10: 0  | R11: 0  | R12: 0  |)
  DEBUG   machine:handle_execute_inc_and_dec (TICK: 27  | PC 22  | BR: 20  | opcode: inc | SP 2048 | Z_FLAG: 0 | R0: 0  | R1: 2  | R2: 36 | R3: 0  | R4: 0  | R5: 0  | R6: 0  | R7: 0  | R8: 0  | R9: 0  | R10: 0  | R11: 0  | R12: 0  |)
  DEBUG   machine:handle_execute_store (TICK: 32  | PC 23  | BR: 22  | opcode: st  | SP 2048 | Z_FLAG: 0 | R0: 0  | R1: 2  | R2: 36 | R3: 0  | R4: 0  | R5: 0  | R6: 0  | R7: 0  | R8: 0  | R9: 0  | R10: 0  | R11: 0  | R12: 0  |)
  DEBUG   machine:handle_execute_jmp (TICK: 34  | PC 16  | BR: 22  | opcode: jmp | SP 2048 | Z_FLAG: 0 | R0: 0  | R1: 2  | R2: 36 | R3: 0  | R4: 0  | R5: 0  | R6: 0  | R7: 0  | R8: 0  | R9: 0  | R10: 0  | R11: 0  | R12: 0  |)
  DEBUG   machine:handle_execute_load (TICK: 40  | PC 17  | BR: 16  | opcode: ld  | SP 2048 | Z_FLAG: 0 | R0: 0  | R1: 101 | R2: 36 | R3: 0  | R4: 0  | R5: 0  | R6: 0  | R7: 0  | R8: 0  | R9: 0  | R10: 0  | R11: 0  | R12: 0  |)
  DEBUG   machine:handle_execute_cmp (TICK: 43  | PC 18  | BR: 16  | opcode: cmp | SP 2048 | Z_FLAG: 0 | R0: 0  | R1: 101 | R2: 36 | R3: 0  | R4: 0  | R5: 0  | R6: 0  | R7: 0  | R8: 0  | R9: 0  | R10: 0  | R11: 0  | R12: 0  |)
  DEBUG   machine:handle_execute_jz (TICK: 45  | PC 19  | BR: 16  | opcode: jz  | SP 2048 | Z_FLAG: 0 | R0: 0  | R1: 101 | R2: 36 | R3: 0  | R4: 0  | R5: 0  | R6: 0  | R7: 0  | R8: 0  | R9: 0  | R10: 0  | R11: 0  | R12: 0  |)
  DEBUG   machine:handle_execute_out (TICK: 48  | PC 20  | BR: 16  | opcode: out | SP 2048 | Z_FLAG: 0 | R0: 0  | R1: 101 | R2: 36 | R3: 0  | R4: 0  | R5: 0  | R6: 0  | R7: 0  | R8: 0  | R9: 0  | R10: 0  | R11: 0  | R12: 0  |)
  DEBUG   machine:handle_execute_load (TICK: 53  | PC 21  | BR: 20  | opcode: ld  | SP 2048 | Z_FLAG: 0 | R0: 0  | R1: 2  | R2: 36 | R3: 0  | R4: 0  | R5: 0  | R6: 0  | R7: 0  | R8: 0  | R9: 0  | R10: 0  | R11: 0  | R12: 0  |)
  DEBUG   machine:handle_execute_inc_and_dec (TICK: 56  | PC 22  | BR: 20  | opcode: inc | SP 2048 | Z_FLAG: 0 | R0: 0  | R1: 3  | R2: 36 | R3: 0  | R4: 0  | R5: 0  | R6: 0  | R7: 0  | R8: 0  | R9: 0  | R10: 0  | R11: 0  | R12: 0  |)
  DEBUG   machine:handle_execute_store (TICK: 61  | PC 23  | BR: 22  | opcode: st  | SP 2048 | Z_FLAG: 0 | R0: 0  | R1: 3  | R2: 36 | R3: 0  | R4: 0  | R5: 0  | R6: 0  | R7: 0  | R8: 0  | R9: 0  | R10: 0  | R11: 0  | R12: 0  |)
  DEBUG   machine:handle_execute_jmp (TICK: 63  | PC 16  | BR: 22  | opcode: jmp | SP 2048 | Z_FLAG: 0 | R0: 0  | R1: 3  | R2: 36 | R3: 0  | R4: 0  | R5: 0  | R6: 0  | R7: 0  | R8: 0  | R9: 0  | R10: 0  | R11: 0  | R12: 0  |)
  DEBUG   machine:handle_execute_load (TICK: 69  | PC 17  | BR: 16  | opcode: ld  | SP 2048 | Z_FLAG: 0 | R0: 0  | R1: 108 | R2: 36 | R3: 0  | R4: 0  | R5: 0  | R6: 0  | R7: 0  | R8: 0  | R9: 0  | R10: 0  | R11: 0  | R12: 0  |)
  DEBUG   machine:handle_execute_cmp (TICK: 72  | PC 18  | BR: 16  | opcode: cmp | SP 2048 | Z_FLAG: 0 | R0: 0  | R1: 108 | R2: 36 | R3: 0  | R4: 0  | R5: 0  | R6: 0  | R7: 0  | R8: 0  | R9: 0  | R10: 0  | R11: 0  | R12: 0  |)
  DEBUG   machine:handle_execute_jz (TICK: 74  | PC 19  | BR: 16  | opcode: jz  | SP 2048 | Z_FLAG: 0 | R0: 0  | R1: 108 | R2: 36 | R3: 0  | R4: 0  | R5: 0  | R6: 0  | R7: 0  | R8: 0  | R9: 0  | R10: 0  | R11: 0  | R12: 0  |)
  DEBUG   machine:handle_execute_out (TICK: 77  | PC 20  | BR: 16  | opcode: out | SP 2048 | Z_FLAG: 0 | R0: 0  | R1: 108 | R2: 36 | R3: 0  | R4: 0  | R5: 0  | R6: 0  | R7: 0  | R8: 0  | R9: 0  | R10: 0  | R11: 0  | R12: 0  |)
  DEBUG   machine:handle_execute_load (TICK: 82  | PC 21  | BR: 20  | opcode: ld  | SP 2048 | Z_FLAG: 0 | R0: 0  | R1: 3  | R2: 36 | R3: 0  | R4: 0  | R5: 0  | R6: 0  | R7: 0  | R8: 0  | R9: 0  | R10: 0  | R11: 0  | R12: 0  |)
  DEBUG   machine:handle_execute_inc_and_dec (TICK: 85  | PC 22  | BR: 20  | opcode: inc | SP 2048 | Z_FLAG: 0 | R0: 0  | R1: 4  | R2: 36 | R3: 0  | R4: 0  | R5: 0  | R6: 0  | R7: 0  | R8: 0  | R9: 0  | R10: 0  | R11: 0  | R12: 0  |)
  DEBUG   machine:handle_execute_store (TICK: 90  | PC 23  | BR: 22  | opcode: st  | SP 2048 | Z_FLAG: 0 | R0: 0  | R1: 4  | R2: 36 | R3: 0  | R4: 0  | R5: 0  | R6: 0  | R7: 0  | R8: 0  | R9: 0  | R10: 0  | R11: 0  | R12: 0  |)
  DEBUG   machine:handle_execute_jmp (TICK: 92  | PC 16  | BR: 22  | opcode: jmp | SP 2048 | Z_FLAG: 0 | R0: 0  | R1: 4  | R2: 36 | R3: 0  | R4: 0  | R5: 0  | R6: 0  | R7: 0  | R8: 0  | R9: 0  | R10: 0  | R11: 0  | R12: 0  |)
  DEBUG   machine:handle_execute_load (TICK: 98  | PC 17  | BR: 16  | opcode: ld  | SP 2048 | Z_FLAG: 0 | R0: 0  | R1: 108 | R2: 36 | R3: 0  | R4: 0  | R5: 0  | R6: 0  | R7: 0  | R8: 0  | R9: 0  | R10: 0  | R11: 0  | R12: 0  |)
  DEBUG   machine:handle_execute_cmp (TICK: 101 | PC 18  | BR: 16  | opcode: cmp | SP 2048 | Z_FLAG: 0 | R0: 0  | R1: 108 | R2: 36 | R3: 0  | R4: 0  | R5: 0  | R6: 0  | R7: 0  | R8: 0  | R9: 0  | R10: 0  | R11: 0  | R12: 0  |)
  DEBUG   machine:handle_execute_jz (TICK: 103 | PC 19  | BR: 16  | opcode: jz  | SP 2048 | Z_FLAG: 0 | R0: 0  | R1: 108 | R2: 36 | R3: 0  | R4: 0  | R5: 0  | R6: 0  | R7: 0  | R8: 0  | R9: 0  | R10: 0  | R11: 0  | R12: 0  |)
  DEBUG   machine:handle_execute_out (TICK: 106 | PC 20  | BR: 16  | opcode: out | SP 2048 | Z_FLAG: 0 | R0: 0  | R1: 108 | R2: 36 | R3: 0  | R4: 0  | R5: 0  | R6: 0  | R7: 0  | R8: 0  | R9: 0  | R10: 0  | R11: 0  | R12: 0  |)
  DEBUG   machine:handle_execute_load (TICK: 111 | PC 21  | BR: 20  | opcode: ld  | SP 2048 | Z_FLAG: 0 | R0: 0  | R1: 4  | R2: 36 | R3: 0  | R4: 0  | R5: 0  | R6: 0  | R7: 0  | R8: 0  | R9: 0  | R10: 0  | R11: 0  | R12: 0  |)
  DEBUG   machine:handle_execute_inc_and_dec (TICK: 114 | PC 22  | BR: 20  | opcode: inc | SP 2048 | Z_FLAG: 0 | R0: 0  | R1: 5  | R2: 36 | R3: 0  | R4: 0  | R5: 0  | R6: 0  | R7: 0  | R8: 0  | R9: 0  | R10: 0  | R11: 0  | R12: 0  |)
  DEBUG   machine:handle_execute_store (TICK: 119 | PC 23  | BR: 22  | opcode: st  | SP 2048 | Z_FLAG: 0 | R0: 0  | R1: 5  | R2: 36 | R3: 0  | R4: 0  | R5: 0  | R6: 0  | R7: 0  | R8: 0  | R9: 0  | R10: 0  | R11: 0  | R12: 0  |)
  DEBUG   machine:handle_execute_jmp (TICK: 121 | PC 16  | BR: 22  | opcode: jmp | SP 2048 | Z_FLAG: 0 | R0: 0  | R1: 5  | R2: 36 | R3: 0  | R4: 0  | R5: 0  | R6: 0  | R7: 0  | R8: 0  | R9: 0  | R10: 0  | R11: 0  | R12: 0  |)
  DEBUG   machine:handle_execute_load (TICK: 127 | PC 17  | BR: 16  | opcode: ld  | SP 2048 | Z_FLAG: 0 | R0: 0  | R1: 111 | R2: 36 | R3: 0  | R4: 0  | R5: 0  | R6: 0  | R7: 0  | R8: 0  | R9: 0  | R10: 0  | R11: 0  | R12: 0  |)
  DEBUG   machine:handle_execute_cmp (TICK: 130 | PC 18  | BR: 16  | opcode: cmp | SP 2048 | Z_FLAG: 0 | R0: 0  | R1: 111 | R2: 36 | R3: 0  | R4: 0  | R5: 0  | R6: 0  | R7: 0  | R8: 0  | R9: 0  | R10: 0  | R11: 0  | R12: 0  |)
  DEBUG   machine:handle_execute_jz (TICK: 132 | PC 19  | BR: 16  | opcode: jz  | SP 2048 | Z_FLAG: 0 | R0: 0  | R1: 111 | R2: 36 | R3: 0  | R4: 0  | R5: 0  | R6: 0  | R7: 0  | R8: 0  | R9: 0  | R10: 0  | R11: 0  | R12: 0  |)
  DEBUG   machine:handle_execute_out (TICK: 135 | PC 20  | BR: 16  | opcode: out | SP 2048 | Z_FLAG: 0 | R0: 0  | R1: 111 | R2: 36 | R3: 0  | R4: 0  | R5: 0  | R6: 0  | R7: 0  | R8: 0  | R9: 0  | R10: 0  | R11: 0  | R12: 0  |)
  DEBUG   machine:handle_execute_load (TICK: 140 | PC 21  | BR: 20  | opcode: ld  | SP 2048 | Z_FLAG: 0 | R0: 0  | R1: 5  | R2: 36 | R3: 0  | R4: 0  | R5: 0  | R6: 0  | R7: 0  | R8: 0  | R9: 0  | R10: 0  | R11: 0  | R12: 0  |)
  DEBUG   machine:handle_execute_inc_and_dec (TICK: 143 | PC 22  | BR: 20  | opcode: inc | SP 2048 | Z_FLAG: 0 | R0: 0  | R1: 6  | R2: 36 | R3: 0  | R4: 0  | R5: 0  | R6: 0  | R7: 0  | R8: 0  | R9: 0  | R10: 0  | R11: 0  | R12: 0  |)
  DEBUG   machine:handle_execute_store (TICK: 148 | PC 23  | BR: 22  | opcode: st  | SP 2048 | Z_FLAG: 0 | R0: 0  | R1: 6  | R2: 36 | R3: 0  | R4: 0  | R5: 0  | R6: 0  | R7: 0  | R8: 0  | R9: 0  | R10: 0  | R11: 0  | R12: 0  |)
  DEBUG   machine:handle_execute_jmp (TICK: 150 | PC 16  | BR: 22  | opcode: jmp | SP 2048 | Z_FLAG: 0 | R0: 0  | R1: 6  | R2: 36 | R3: 0  | R4: 0  | R5: 0  | R6: 0  | R7: 0  | R8: 0  | R9: 0  | R10: 0  | R11: 0  | R12: 0  |)
  DEBUG   machine:handle_execute_load (TICK: 156 | PC 17  | BR: 16  | opcode: ld  | SP 2048 | Z_FLAG: 0 | R0: 0  | R1: 32 | R2: 36 | R3: 0  | R4: 0  | R5: 0  | R6: 0  | R7: 0  | R8: 0  | R9: 0  | R10: 0  | R11: 0  | R12: 0  |)
  DEBUG   machine:handle_execute_cmp (TICK: 159 | PC 18  | BR: 16  | opcode: cmp | SP 2048 | Z_FLAG: 0 | R0: 0  | R1: 32 | R2: 36 | R3: 0  | R4: 0  | R5: 0  | R6: 0  | R7: 0  | R8: 0  | R9: 0  | R10: 0  | R11: 0  | R12: 0  |)
  DEBUG   machine:handle_execute_jz (TICK: 161 | PC 19  | BR: 16  | opcode: jz  | SP 2048 | Z_FLAG: 0 | R0: 0  | R1: 32 | R2: 36 | R3: 0  | R4: 0  | R5: 0  | R6: 0  | R7: 0  | R8: 0  | R9: 0  | R10: 0  | R11: 0  | R12: 0  |)
  DEBUG   machine:handle_execute_out (TICK: 164 | PC 20  | BR: 16  | opcode: out | SP 2048 | Z_FLAG: 0 | R0: 0  | R1: 32 | R2: 36 | R3: 0  | R4: 0  | R5: 0  | R6: 0  | R7: 0  | R8: 0  | R9: 0  | R10: 0  | R11: 0  | R12: 0  |)
  DEBUG   machine:handle_execute_load (TICK: 169 | PC 21  | BR: 20  | opcode: ld  | SP 2048 | Z_FLAG: 0 | R0: 0  | R1: 6  | R2: 36 | R3: 0  | R4: 0  | R5: 0  | R6: 0  | R7: 0  | R8: 0  | R9: 0  | R10: 0  | R11: 0  | R12: 0  |)
  DEBUG   machine:handle_execute_inc_and_dec (TICK: 172 | PC 22  | BR: 20  | opcode: inc | SP 2048 | Z_FLAG: 0 | R0: 0  | R1: 7  | R2: 36 | R3: 0  | R4: 0  | R5: 0  | R6: 0  | R7: 0  | R8: 0  | R9: 0  | R10: 0  | R11: 0  | R12: 0  |)
  DEBUG   machine:handle_execute_store (TICK: 177 | PC 23  | BR: 22  | opcode: st  | SP 2048 | Z_FLAG: 0 | R0: 0  | R1: 7  | R2: 36 | R3: 0  | R4: 0  | R5: 0  | R6: 0  | R7: 0  | R8: 0  | R9: 0  | R10: 0  | R11: 0  | R12: 0  |)
  DEBUG   machine:handle_execute_jmp (TICK: 179 | PC 16  | BR: 22  | opcode: jmp | SP 2048 | Z_FLAG: 0 | R0: 0  | R1: 7  | R2: 36 | R3: 0  | R4: 0  | R5: 0  | R6: 0  | R7: 0  | R8: 0  | R9: 0  | R10: 0  | R11: 0  | R12: 0  |)
  DEBUG   machine:handle_execute_load (TICK: 185 | PC 17  | BR: 16  | opcode: ld  | SP 2048 | Z_FLAG: 0 | R0: 0  | R1: 87 | R2: 36 | R3: 0  | R4: 0  | R5: 0  | R6: 0  | R7: 0  | R8: 0  | R9: 0  | R10: 0  | R11: 0  | R12: 0  |)
  DEBUG   machine:handle_execute_cmp (TICK: 188 | PC 18  | BR: 16  | opcode: cmp | SP 2048 | Z_FLAG: 0 | R0: 0  | R1: 87 | R2: 36 | R3: 0  | R4: 0  | R5: 0  | R6: 0  | R7: 0  | R8: 0  | R9: 0  | R10: 0  | R11: 0  | R12: 0  |)
  DEBUG   machine:handle_execute_jz (TICK: 190 | PC 19  | BR: 16  | opcode: jz  | SP 2048 | Z_FLAG: 0 | R0: 0  | R1: 87 | R2: 36 | R3: 0  | R4: 0  | R5: 0  | R6: 0  | R7: 0  | R8: 0  | R9: 0  | R10: 0  | R11: 0  | R12: 0  |)
  DEBUG   machine:handle_execute_out (TICK: 193 | PC 20  | BR: 16  | opcode: out | SP 2048 | Z_FLAG: 0 | R0: 0  | R1: 87 | R2: 36 | R3: 0  | R4: 0  | R5: 0  | R6: 0  | R7: 0  | R8: 0  | R9: 0  | R10: 0  | R11: 0  | R12: 0  |)
  DEBUG   machine:handle_execute_load (TICK: 198 | PC 21  | BR: 20  | opcode: ld  | SP 2048 | Z_FLAG: 0 | R0: 0  | R1: 7  | R2: 36 | R3: 0  | R4: 0  | R5: 0  | R6: 0  | R7: 0  | R8: 0  | R9: 0  | R10: 0  | R11: 0  | R12: 0  |)
  DEBUG   machine:handle_execute_inc_and_dec (TICK: 201 | PC 22  | BR: 20  | opcode: inc | SP 2048 | Z_FLAG: 0 | R0: 0  | R1: 8  | R2: 36 | R3: 0  | R4: 0  | R5: 0  | R6: 0  | R7: 0  | R8: 0  | R9: 0  | R10: 0  | R11: 0  | R12: 0  |)
  DEBUG   machine:handle_execute_store (TICK: 206 | PC 23  | BR: 22  | opcode: st  | SP 2048 | Z_FLAG: 0 | R0: 0  | R1: 8  | R2: 36 | R3: 0  | R4: 0  | R5: 0  | R6: 0  | R7: 0  | R8: 0  | R9: 0  | R10: 0  | R11: 0  | R12: 0  |)
  DEBUG   machine:handle_execute_jmp (TICK: 208 | PC 16  | BR: 22  | opcode: jmp | SP 2048 | Z_FLAG: 0 | R0: 0  | R1: 8  | R2: 36 | R3: 0  | R4: 0  | R5: 0  | R6: 0  | R7: 0  | R8: 0  | R9: 0  | R10: 0  | R11: 0  | R12: 0  |)
  DEBUG   machine:handle_execute_load (TICK: 214 | PC 17  | BR: 16  | opcode: ld  | SP 2048 | Z_FLAG: 0 | R0: 0  | R1: 111 | R2: 36 | R3: 0  | R4: 0  | R5: 0  | R6: 0  | R7: 0  | R8: 0  | R9: 0  | R10: 0  | R11: 0  | R12: 0  |)
  DEBUG   machine:handle_execute_cmp (TICK: 217 | PC 18  | BR: 16  | opcode: cmp | SP 2048 | Z_FLAG: 0 | R0: 0  | R1: 111 | R2: 36 | R3: 0  | R4: 0  | R5: 0  | R6: 0  | R7: 0  | R8: 0  | R9: 0  | R10: 0  | R11: 0  | R12: 0  |)
  DEBUG   machine:handle_execute_jz (TICK: 219 | PC 19  | BR: 16  | opcode: jz  | SP 2048 | Z_FLAG: 0 | R0: 0  | R1: 111 | R2: 36 | R3: 0  | R4: 0  | R5: 0  | R6: 0  | R7: 0  | R8: 0  | R9: 0  | R10: 0  | R11: 0  | R12: 0  |)
  DEBUG   machine:handle_execute_out (TICK: 222 | PC 20  | BR: 16  | opcode: out | SP 2048 | Z_FLAG: 0 | R0: 0  | R1: 111 | R2: 36 | R3: 0  | R4: 0  | R5: 0  | R6: 0  | R7: 0  | R8: 0  | R9: 0  | R10: 0  | R11: 0  | R12: 0  |)
  DEBUG   machine:handle_execute_load (TICK: 227 | PC 21  | BR: 20  | opcode: ld  | SP 2048 | Z_FLAG: 0 | R0: 0  | R1: 8  | R2: 36 | R3: 0  | R4: 0  | R5: 0  | R6: 0  | R7: 0  | R8: 0  | R9: 0  | R10: 0  | R11: 0  | R12: 0  |)
  DEBUG   machine:handle_execute_inc_and_dec (TICK: 230 | PC 22  | BR: 20  | opcode: inc | SP 2048 | Z_FLAG: 0 | R0: 0  | R1: 9  | R2: 36 | R3: 0  | R4: 0  | R5: 0  | R6: 0  | R7: 0  | R8: 0  | R9: 0  | R10: 0  | R11: 0  | R12: 0  |)
  DEBUG   machine:handle_execute_store (TICK: 235 | PC 23  | BR: 22  | opcode: st  | SP 2048 | Z_FLAG: 0 | R0: 0  | R1: 9  | R2: 36 | R3: 0  | R4: 0  | R5: 0  | R6: 0  | R7: 0  | R8: 0  | R9: 0  | R10: 0  | R11: 0  | R12: 0  |)
  DEBUG   machine:handle_execute_jmp (TICK: 237 | PC 16  | BR: 22  | opcode: jmp | SP 2048 | Z_FLAG: 0 | R0: 0  | R1: 9  | R2: 36 | R3: 0  | R4: 0  | R5: 0  | R6: 0  | R7: 0  | R8: 0  | R9: 0  | R10: 0  | R11: 0  | R12: 0  |)
  DEBUG   machine:handle_execute_load (TICK: 243 | PC 17  | BR: 16  | opcode: ld  | SP 2048 | Z_FLAG: 0 | R0: 0  | R1: 114 | R2: 36 | R3: 0  | R4: 0  | R5: 0  | R6: 0  | R7: 0  | R8: 0  | R9: 0  | R10: 0  | R11: 0  | R12: 0  |)
  DEBUG   machine:handle_execute_cmp (TICK: 246 | PC 18  | BR: 16  | opcode: cmp | SP 2048 | Z_FLAG: 0 | R0: 0  | R1: 114 | R2: 36 | R3: 0  | R4: 0  | R5: 0  | R6: 0  | R7: 0  | R8: 0  | R9: 0  | R10: 0  | R11: 0  | R12: 0  |)
  DEBUG   machine:handle_execute_jz (TICK: 248 | PC 19  | BR: 16  | opcode: jz  | SP 2048 | Z_FLAG: 0 | R0: 0  | R1: 114 | R2: 36 | R3: 0  | R4: 0  | R5: 0  | R6: 0  | R7: 0  | R8: 0  | R9: 0  | R10: 0  | R11: 0  | R12: 0  |)
  DEBUG   machine:handle_execute_out (TICK: 251 | PC 20  | BR: 16  | opcode: out | SP 2048 | Z_FLAG: 0 | R0: 0  | R1: 114 | R2: 36 | R3: 0  | R4: 0  | R5: 0  | R6: 0  | R7: 0  | R8: 0  | R9: 0  | R10: 0  | R11: 0  | R12: 0  |)
  DEBUG   machine:handle_execute_load (TICK: 256 | PC 21  | BR: 20  | opcode: ld  | SP 2048 | Z_FLAG: 0 | R0: 0  | R1: 9  | R2: 36 | R3: 0  | R4: 0  | R5: 0  | R6: 0  | R7: 0  | R8: 0  | R9: 0  | R10: 0  | R11: 0  | R12: 0  |)
  DEBUG   machine:handle_execute_inc_and_dec (TICK: 259 | PC 22  | BR: 20  | opcode: inc | SP 2048 | Z_FLAG: 0 | R0: 0  | R1: 10 | R2: 36 | R3: 0  | R4: 0  | R5: 0  | R6: 0  | R7: 0  | R8: 0  | R9: 0  | R10: 0  | R11: 0  | R12: 0  |)
  DEBUG   machine:handle_execute_store (TICK: 264 | PC 23  | BR: 22  | opcode: st  | SP 2048 | Z_FLAG: 0 | R0: 0  | R1: 10 | R2: 36 | R3: 0  | R4: 0  | R5: 0  | R6: 0  | R7: 0  | R8: 0  | R9: 0  | R10: 0  | R11: 0  | R12: 0  |)
  DEBUG   machine:handle_execute_jmp (TICK: 266 | PC 16  | BR: 22  | opcode: jmp | SP 2048 | Z_FLAG: 0 | R0: 0  | R1: 10 | R2: 36 | R3: 0  | R4: 0  | R5: 0  | R6: 0  | R7: 0  | R8: 0  | R9: 0  | R10: 0  | R11: 0  | R12: 0  |)
  DEBUG   machine:handle_execute_load (TICK: 272 | PC 17  | BR: 16  | opcode: ld  | SP 2048 | Z_FLAG: 0 | R0: 0  | R1: 108 | R2: 36 | R3: 0  | R4: 0  | R5: 0  | R6: 0  | R7: 0  | R8: 0  | R9: 0  | R10: 0  | R11: 0  | R12: 0  |)
  DEBUG   machine:handle_execute_cmp (TICK: 275 | PC 18  | BR: 16  | opcode: cmp | SP 2048 | Z_FLAG: 0 | R0: 0  | R1: 108 | R2: 36 | R3: 0  | R4: 0  | R5: 0  | R6: 0  | R7: 0  | R8: 0  | R9: 0  | R10: 0  | R11: 0  | R12: 0  |)
  DEBUG   machine:handle_execute_jz (TICK: 277 | PC 19  | BR: 16  | opcode: jz  | SP 2048 | Z_FLAG: 0 | R0: 0  | R1: 108 | R2: 36 | R3: 0  | R4: 0  | R5: 0  | R6: 0  | R7: 0  | R8: 0  | R9: 0  | R10: 0  | R11: 0  | R12: 0  |)
  DEBUG   machine:handle_execute_out (TICK: 280 | PC 20  | BR: 16  | opcode: out | SP 2048 | Z_FLAG: 0 | R0: 0  | R1: 108 | R2: 36 | R3: 0  | R4: 0  | R5: 0  | R6: 0  | R7: 0  | R8: 0  | R9: 0  | R10: 0  | R11: 0  | R12: 0  |)
  DEBUG   machine:handle_execute_load (TICK: 285 | PC 21  | BR: 20  | opcode: ld  | SP 2048 | Z_FLAG: 0 | R0: 0  | R1: 10 | R2: 36 | R3: 0  | R4: 0  | R5: 0  | R6: 0  | R7: 0  | R8: 0  | R9: 0  | R10: 0  | R11: 0  | R12: 0  |)
  DEBUG   machine:handle_execute_inc_and_dec (TICK: 288 | PC 22  | BR: 20  | opcode: inc | SP 2048 | Z_FLAG: 0 | R0: 0  | R1: 11 | R2: 36 | R3: 0  | R4: 0  | R5: 0  | R6: 0  | R7: 0  | R8: 0  | R9: 0  | R10: 0  | R11: 0  | R12: 0  |)
  DEBUG   machine:handle_execute_store (TICK: 293 | PC 23  | BR: 22  | opcode: st  | SP 2048 | Z_FLAG: 0 | R0: 0  | R1: 11 | R2: 36 | R3: 0  | R4: 0  | R5: 0  | R6: 0  | R7: 0  | R8: 0  | R9: 0  | R10: 0  | R11: 0  | R12: 0  |)
  DEBUG   machine:handle_execute_jmp (TICK: 295 | PC 16  | BR: 22  | opcode: jmp | SP 2048 | Z_FLAG: 0 | R0: 0  | R1: 11 | R2: 36 | R3: 0  | R4: 0  | R5: 0  | R6: 0  | R7: 0  | R8: 0  | R9: 0  | R10: 0  | R11: 0  | R12: 0  |)
  DEBUG   machine:handle_execute_load (TICK: 301 | PC 17  | BR: 16  | opcode: ld  | SP 2048 | Z_FLAG: 0 | R0: 0  | R1: 100 | R2: 36 | R3: 0  | R4: 0  | R5: 0  | R6: 0  | R7: 0  | R8: 0  | R9: 0  | R10: 0  | R11: 0  | R12: 0  |)
  DEBUG   machine:handle_execute_cmp (TICK: 304 | PC 18  | BR: 16  | opcode: cmp | SP 2048 | Z_FLAG: 0 | R0: 0  | R1: 100 | R2: 36 | R3: 0  | R4: 0  | R5: 0  | R6: 0  | R7: 0  | R8: 0  | R9: 0  | R10: 0  | R11: 0  | R12: 0  |)
  DEBUG   machine:handle_execute_jz (TICK: 306 | PC 19  | BR: 16  | opcode: jz  | SP 2048 | Z_FLAG: 0 | R0: 0  | R1: 100 | R2: 36 | R3: 0  | R4: 0  | R5: 0  | R6: 0  | R7: 0  | R8: 0  | R9: 0  | R10: 0  | R11: 0  | R12: 0  |)
  DEBUG   machine:handle_execute_out (TICK: 309 | PC 20  | BR: 16  | opcode: out | SP 2048 | Z_FLAG: 0 | R0: 0  | R1: 100 | R2: 36 | R3: 0  | R4: 0  | R5: 0  | R6: 0  | R7: 0  | R8: 0  | R9: 0  | R10: 0  | R11: 0  | R12: 0  |)
  DEBUG   machine:handle_execute_load (TICK: 314 | PC 21  | BR: 20  | opcode: ld  | SP 2048 | Z_FLAG: 0 | R0: 0  | R1: 11 | R2: 36 | R3: 0  | R4: 0  | R5: 0  | R6: 0  | R7: 0  | R8: 0  | R9: 0  | R10: 0  | R11: 0  | R12: 0  |)
  DEBUG   machine:handle_execute_inc_and_dec (TICK: 317 | PC 22  | BR: 20  | opcode: inc | SP 2048 | Z_FLAG: 0 | R0: 0  | R1: 12 | R2: 36 | R3: 0  | R4: 0  | R5: 0  | R6: 0  | R7: 0  | R8: 0  | R9: 0  | R10: 0  | R11: 0  | R12: 0  |)
  DEBUG   machine:handle_execute_store (TICK: 322 | PC 23  | BR: 22  | opcode: st  | SP 2048 | Z_FLAG: 0 | R0: 0  | R1: 12 | R2: 36 | R3: 0  | R4: 0  | R5: 0  | R6: 0  | R7: 0  | R8: 0  | R9: 0  | R10: 0  | R11: 0  | R12: 0  |)
  DEBUG   machine:handle_execute_jmp (TICK: 324 | PC 16  | BR: 22  | opcode: jmp | SP 2048 | Z_FLAG: 0 | R0: 0  | R1: 12 | R2: 36 | R3: 0  | R4: 0  | R5: 0  | R6: 0  | R7: 0  | R8: 0  | R9: 0  | R10: 0  | R11: 0  | R12: 0  |)
  DEBUG   machine:handle_execute_load (TICK: 330 | PC 17  | BR: 16  | opcode: ld  | SP 2048 | Z_FLAG: 0 | R0: 0  | R1: 33 | R2: 36 | R3: 0  | R4: 0  | R5: 0  | R6: 0  | R7: 0  | R8: 0  | R9: 0  | R10: 0  | R11: 0  | R12: 0  |)
  DEBUG   machine:handle_execute_cmp (TICK: 333 | PC 18  | BR: 16  | opcode: cmp | SP 2048 | Z_FLAG: 0 | R0: 0  | R1: 33 | R2: 36 | R3: 0  | R4: 0  | R5: 0  | R6: 0  | R7: 0  | R8: 0  | R9: 0  | R10: 0  | R11: 0  | R12: 0  |)
  DEBUG   machine:handle_execute_jz (TICK: 335 | PC 19  | BR: 16  | opcode: jz  | SP 2048 | Z_FLAG: 0 | R0: 0  | R1: 33 | R2: 36 | R3: 0  | R4: 0  | R5: 0  | R6: 0  | R7: 0  | R8: 0  | R9: 0  | R10: 0  | R11: 0  | R12: 0  |)
  DEBUG   machine:handle_execute_out (TICK: 338 | PC 20  | BR: 16  | opcode: out | SP 2048 | Z_FLAG: 0 | R0: 0  | R1: 33 | R2: 36 | R3: 0  | R4: 0  | R5: 0  | R6: 0  | R7: 0  | R8: 0  | R9: 0  | R10: 0  | R11: 0  | R12: 0  |)
  DEBUG   machine:handle_execute_load (TICK: 343 | PC 21  | BR: 20  | opcode: ld  | SP 2048 | Z_FLAG: 0 | R0: 0  | R1: 12 | R2: 36 | R3: 0  | R4: 0  | R5: 0  | R6: 0  | R7: 0  | R8: 0  | R9: 0  | R10: 0  | R11: 0  | R12: 0  |)
  DEBUG   machine:handle_execute_inc_and_dec (TICK: 346 | PC 22  | BR: 20  | opcode: inc | SP 2048 | Z_FLAG: 0 | R0: 0  | R1: 13 | R2: 36 | R3: 0  | R4: 0  | R5: 0  | R6: 0  | R7: 0  | R8: 0  | R9: 0  | R10: 0  | R11: 0  | R12: 0  |)
  DEBUG   machine:handle_execute_store (TICK: 351 | PC 23  | BR: 22  | opcode: st  | SP 2048 | Z_FLAG: 0 | R0: 0  | R1: 13 | R2: 36 | R3: 0  | R4: 0  | R5: 0  | R6: 0  | R7: 0  | R8: 0  | R9: 0  | R10: 0  | R11: 0  | R12: 0  |)
  DEBUG   machine:handle_execute_jmp (TICK: 353 | PC 16  | BR: 22  | opcode: jmp | SP 2048 | Z_FLAG: 0 | R0: 0  | R1: 13 | R2: 36 | R3: 0  | R4: 0  | R5: 0  | R6: 0  | R7: 0  | R8: 0  | R9: 0  | R10: 0  | R11: 0  | R12: 0  |)
  DEBUG   machine:handle_execute_load (TICK: 359 | PC 17  | BR: 16  | opcode: ld  | SP 2048 | Z_FLAG: 0 | R0: 0  | R1: 0  | R2: 36 | R3: 0  | R4: 0  | R5: 0  | R6: 0  | R7: 0  | R8: 0  | R9: 0  | R10: 0  | R11: 0  | R12: 0  |)
  DEBUG   machine:handle_execute_cmp (TICK: 362 | PC 18  | BR: 16  | opcode: cmp | SP 2048 | Z_FLAG: 1 | R0: 0  | R1: 0  | R2: 36 | R3: 0  | R4: 0  | R5: 0  | R6: 0  | R7: 0  | R8: 0  | R9: 0  | R10: 0  | R11: 0  | R12: 0  |)
  DEBUG   machine:handle_execute_jz (TICK: 364 | PC 24  | BR: 16  | opcode: jz  | SP 2048 | Z_FLAG: 1 | R0: 0  | R1: 0  | R2: 36 | R3: 0  | R4: 0  | R5: 0  | R6: 0  | R7: 0  | R8: 0  | R9: 0  | R10: 0  | R11: 0  | R12: 0  |)
  DEBUG   machine:handle_execute_hlt (TICK: 365 | PC 24  | BR: 16  | opcode: hlt | SP 2048 | Z_FLAG: 1 | R0: 0  | R1: 0  | R2: 36 | R3: 0  | R4: 0  | R5: 0  | R6: 0  | R7: 0  | R8: 0  | R9: 0  | R10: 0  | R11: 0  | R12: 0  |)
